// Jest Snapshot v1, https://goo.gl/fbAQLP

exports[`Home Screen should match snapshot 1`] = `
<View
  style={
    Object {
      "alignItems": "center",
      "flex": 1,
      "justifyContent": "center",
    }
  }
>
  <ForwardRef
    onPress={[Function]}
    style={
      Object {
        "backgroundColor": "red",
        "height": "50%",
      }
    }
  >
    <Text>
      Hello Eddie
    </Text>
  </ForwardRef>
</View>
`;
